=== Batch 1: Stage 3 sweep with new PD-mp data, from v4_stage2 base ===
RESULT exp_a1_i30_l001: size=52M F1=96.93 names=13/15
RESULT exp_a2_i50_l001: size=50M F1=96.89 names=13/15
RESULT exp_a3_i100_l001: size=43M F1=96.19 names=13/15
RESULT exp_a4_i50_l01: size=47M F1=96.95 names=14/15
RESULT exp_a5_i30_l0: size=64M F1=96.63 names=13/15
===Batch 1 DONE===
=== Batch 2: warm-start from OLD release, fine-tune name-rich ===
RESULT exp_b1_release_aug_i20_l01: size=55M F1=97.73 names=11/15
RESULT exp_b2_release_aug_i50_l01: size=50M F1=97.23 names=14/15
RESULT exp_b3_release_aug_i30_l001: size=58M F1=97.65 names=13/15
RESULT exp_b4_release_aug_i20_then_pd_i10: size=55M F1=97.66 names=13/15
RESULT exp_b5_release_combined_i30: size=55M F1=97.71 names=13/15
===Batch 2 DONE===
=== Batch 3: combined data variations ===
RESULT exp_c1_release_combined_i50: size=51M F1=97.44 names=14/15
RESULT exp_c2_release_combined_i100: size=40M F1=97.10 names=14/15
RESULT exp_c3_release_combined_i50_l001: size=58M F1=97.35 names=12/15
RESULT exp_c4_release_combined_pd3x_i30: size=56M F1=97.73 names=13/15
RESULT exp_c5_release_combined_pd2x_i30: size=56M F1=97.68 names=13/15
===Batch 3 DONE===
=== Batch 4: clean aug + hardcase data ===
RESULT exp_d1_release_combo_pd3x_hard_i30: size=56M F1=97.71 names=14/15
RESULT exp_d2_release_clean_pd2x_i30: size=52M F1=97.51 names=14/15
RESULT exp_d3_release_clean_hard_pd2x_i30: size=52M F1=97.42 names=15/15
RESULT exp_d4_release_hardcase_only_i20: size=47M F1=94.18 names=14/15
RESULT exp_d5_release_combo_pd5x_i30: size=56M F1=97.67 names=14/15
===Batch 4 DONE===
=== Batch 5: push D3 toward F1 ≥ 97.67 ===
RESULT exp_e1_clean_hard_pd3x_i30: size=52M F1=97.48 names=15/15
RESULT exp_e2_clean_hard_pd5x_i30: size=52M F1=97.23 names=14/15
RESULT exp_e3_clean_hard_pd2x_i20: size=52M F1=97.62 names=14/15
RESULT exp_e4_namelist_hard_pd3x_i30: size=56M F1=97.71 names=14/15
RESULT exp_e5_clean_hard3x_pd2x_i30: size=52M F1=97.50 names=15/15
===Batch 5 DONE===
=== Batch 6: push 15/15 to F1 ≥ 97.67 ===
RESULT exp_f1_clean_hard_pd3x_i20: size=52M F1=97.62 names=14/15
RESULT exp_f2_clean_hard3x_pd2x_i20: size=52M F1=97.59 names=14/15
RESULT exp_f3_clean_hard2x_pd3x_i30: size=52M F1=97.55 names=14/15
RESULT exp_f4_E5_plus_pd_i5: size=51M F1=97.49 names=15/15
RESULT exp_f5_E5_plus_pd_i10: size=51M F1=97.51 names=15/15
RESULT exp_f6_clean_hard3x_pd2x_i30_l005: size=53M F1=97.48 names=15/15
===Batch 6 DONE===
=== Batch 7: add anti-merge templates ===
RESULT exp_g1_clean_hard3x_anti_pd2x_i30: size=52M F1=97.53 names=15/15
RESULT exp_g2_clean_hard3x_anti2x_pd2x_i30: size=52M F1=97.50 names=15/15
RESULT exp_g3_clean_hard_anti_pd2x_i30: size=52M F1=97.50 names=15/15
RESULT exp_g4_clean_hard3x_anti3x_pd2x_i30: size=52M F1=97.50 names=15/15
RESULT exp_g5_clean_hard2x_anti2x_pd3x_i30: size=52M F1=97.52 names=15/15
===Batch 7 DONE===
=== Batch H1: anchor sweep from A0 base ===
2026年 05月 30日 星期六 16:42:54 CST
RESULT exp_h1_0_noanchor_i30: size=67M F1_pdmp=97.59 F1_12m=96.52 names=13/15
RESULT exp_h1_1_anchor100k_i30: size=68M F1_pdmp=97.63 F1_12m=97.23 names=13/15
RESULT exp_h1_2_anchor300k_i30: size=69M F1_pdmp=97.63 F1_12m=97.49 names=13/15
RESULT exp_h1_3_anchor1m_i30: size=73M F1_pdmp=97.64 F1_12m=97.68 names=13/15
===Batch H1 DONE===
2026年 05月 30日 星期六 17:02:02 CST
=== Batch H2: add OpenNews NER 500k from A0 base, anchor 1M ===
2026年 06月 01日 星期一 08:56:39 CST
RESULT exp_h2_0_opennh500k_anchor1m_pd2x_i30: size=76M F1_pdmp=97.72 F1_12m=97.60 names=14/15
RESULT exp_h2_1_opennh500k_clean_anchor1m_pd2x_i30: size=76M F1_pdmp=97.69 F1_12m=97.53 names=13/15
RESULT exp_h2_2_opennh500kx2_anchor1m_pd2x_i30: size=76M F1_pdmp=97.72 F1_12m=97.43 names=14/15
RESULT exp_h2_3_opennh500k_clean_anchor1m_pd2x_i50: size=72M F1_pdmp=97.59 F1_12m=97.19 names=15/15
RESULT exp_h2_4_opennh500k_clean_anchor1m_pd3x_i30: size=76M F1_pdmp=97.65 F1_12m=97.55 names=13/15
RESULT exp_h2_5_opennh500kx2_clean_anchor1m_pd2x_i30: size=76M F1_pdmp=97.65 F1_12m=97.34 names=14/15
===Batch H2 DONE===
2026年 06月 01日 星期一 10:14:56 CST
=== Batch H3: attack last case with start-3 data, prune 0.05 ===
2026年 06月 01日 星期一 10:15:02 CST
RESULT exp_h3_1_opennh500k_start3_anchor1m_pd2x_i30: size=77M F1_pdmp=97.72 F1_12m=97.49 names=13/15
RESULT exp_h3_1_opennh500k_start3_anchor1m_pd2x_i30_p0.05: size=49M F1_pdmp=97.72 F1_12m=97.49 names=13/15
=== Batch H5: push F1_pdmp ≥ 97.67 with 15/15 ===
2026年 06月 01日 星期一 10:33:52 CST
RESULT exp_h3_2_opennh500k_clean_start3_anchor1m_pd2x_i30: size=77M F1_pdmp=97.74 F1_12m=97.47 names=14/15
RESULT exp_h3_2_opennh500k_clean_start3_anchor1m_pd2x_i30_p0.05: size=51M F1_pdmp=97.74 F1_12m=97.48 names=14/15
=== Batch H4: Stage 3 light fine-tune on best H2 ===
2026年 06月 01日 星期一 10:48:35 CST
=== Batch H4: Stage 3 light fine-tune on best H2 ===
2026年 06月 01日 星期一 10:49:49 CST
RESULT exp_h4_4_h23_pd_i5: size=72M F1_pdmp=97.57 F1_12m=97.09 names=15/15
RESULT exp_h4_4_h23_pd_i5_p0.05: size=59M F1_pdmp=97.56 F1_12m=97.09 names=15/15
RESULT exp_h4_5_h23_pd_anchor100k_i5: size=72M F1_pdmp=97.57 F1_12m=97.25 names=15/15
RESULT exp_h4_5_h23_pd_anchor100k_i5_p0.05: size=59M F1_pdmp=97.57 F1_12m=97.25 names=15/15
===Batch H4 DONE===
2026年 06月 01日 星期一 10:53:53 CST
=== Batch H5: Stage 3 micro fine-tunes (focus on H2.3 base) ===
2026年 06月 01日 星期一 10:54:08 CST
RESULT exp_h5_01_h23_pd_i3: size=72M F1_pdmp=97.57 F1_12m=97.15 names=15/15
RESULT exp_h5_01_h23_pd_i3_p0.05: size=59M F1_pdmp=97.57 F1_12m=97.15 names=15/15
RESULT exp_h5_02_h23_pd_i5: size=72M F1_pdmp=97.57 F1_12m=97.09 names=15/15
RESULT exp_h5_02_h23_pd_i5_p0.05: size=59M F1_pdmp=97.56 F1_12m=97.09 names=15/15
RESULT exp_h5_03_h23_pd_i10: size=71M F1_pdmp=97.58 F1_12m=97.05 names=15/15
RESULT exp_h5_03_h23_pd_i10_p0.05: size=59M F1_pdmp=97.57 F1_12m=97.05 names=15/15
RESULT exp_h5_04_h23_pd_i20: size=70M F1_pdmp=97.52 F1_12m=96.87 names=15/15
RESULT exp_h5_04_h23_pd_i20_p0.05: size=59M F1_pdmp=97.52 F1_12m=96.86 names=15/15
RESULT exp_h5_05_h23_pd_i5_l005: size=72M F1_pdmp=97.57 F1_12m=97.09 names=15/15
RESULT exp_h5_05_h23_pd_i5_l005_p0.05: size=59M F1_pdmp=97.56 F1_12m=97.09 names=15/15
RESULT exp_h5_06_h23_pd_i5_l02: size=71M F1_pdmp=97.57 F1_12m=97.09 names=15/15
RESULT exp_h5_06_h23_pd_i5_l02_p0.05: size=59M F1_pdmp=97.56 F1_12m=97.09 names=15/15
RESULT exp_h5_07_h23_pd2x_i5: size=72M F1_pdmp=97.57 F1_12m=97.09 names=15/15
RESULT exp_h5_07_h23_pd2x_i5_p0.05: size=59M F1_pdmp=97.56 F1_12m=97.09 names=15/15
RESULT exp_h5_08_h23_pd3x_i5: size=72M F1_pdmp=97.57 F1_12m=97.09 names=15/15
RESULT exp_h5_08_h23_pd3x_i5_p0.05: size=59M F1_pdmp=97.56 F1_12m=97.09 names=15/15
RESULT exp_h5_09_h23_pd_anc100k_i5: size=72M F1_pdmp=97.57 F1_12m=97.25 names=15/15
RESULT exp_h5_09_h23_pd_anc100k_i5_p0.05: size=59M F1_pdmp=97.57 F1_12m=97.25 names=15/15
RESULT exp_h5_10_h23_pd_anc300k_i5: size=72M F1_pdmp=97.57 F1_12m=97.30 names=15/15
RESULT exp_h5_10_h23_pd_anc300k_i5_p0.05: size=59M F1_pdmp=97.57 F1_12m=97.29 names=15/15
RESULT exp_h5_11_h23_pd2x_anc100k_i5: size=72M F1_pdmp=97.57 F1_12m=97.22 names=15/15
RESULT exp_h5_11_h23_pd2x_anc100k_i5_p0.05: size=59M F1_pdmp=97.57 F1_12m=97.22 names=15/15
RESULT exp_h5_12_h23_pd2x_anc300k_i5: size=72M F1_pdmp=97.58 F1_12m=97.29 names=15/15
RESULT exp_h5_12_h23_pd2x_anc300k_i5_p0.05: size=59M F1_pdmp=97.57 F1_12m=97.29 names=15/15
RESULT exp_h5_13_h23_pd_anti_i5: size=72M F1_pdmp=97.58 F1_12m=97.09 names=15/15
RESULT exp_h5_13_h23_pd_anti_i5_p0.05: size=59M F1_pdmp=97.57 F1_12m=97.08 names=15/15
RESULT exp_h5_14_h23_pd2x_anti_i5: size=72M F1_pdmp=97.57 F1_12m=97.09 names=15/15
RESULT exp_h5_14_h23_pd2x_anti_i5_p0.05: size=59M F1_pdmp=97.57 F1_12m=97.09 names=15/15
RESULT exp_h5_15_h23_pd_clean_i5: size=71M F1_pdmp=97.58 F1_12m=96.84 names=15/15
RESULT exp_h5_15_h23_pd_clean_i5_p0.05: size=59M F1_pdmp=97.57 F1_12m=96.83 names=15/15
RESULT exp_h5_16_h23_pd2x_clean_i5: size=72M F1_pdmp=97.58 F1_12m=96.91 names=15/15
RESULT exp_h5_16_h23_pd2x_clean_i5_p0.05: size=59M F1_pdmp=97.58 F1_12m=96.91 names=15/15
RESULT exp_h5_17_h23_pd2x_anti_anc100k_i5: size=72M F1_pdmp=97.57 F1_12m=97.22 names=15/15
RESULT exp_h5_17_h23_pd2x_anti_anc100k_i5_p0.05: size=59M F1_pdmp=97.57 F1_12m=97.22 names=15/15
RESULT exp_h5_18_h23_pd_anc100k_i10: size=71M F1_pdmp=97.57 F1_12m=97.29 names=15/15
RESULT exp_h5_18_h23_pd_anc100k_i10_p0.05: size=59M F1_pdmp=97.56 F1_12m=97.29 names=15/15
RESULT exp_h5_19_h23_pd2x_anc300k_i10: size=72M F1_pdmp=97.56 F1_12m=97.31 names=15/15
RESULT exp_h5_19_h23_pd2x_anc300k_i10_p0.05: size=59M F1_pdmp=97.56 F1_12m=97.31 names=15/15
===Batch H5 DONE===
2026年 06月 01日 星期一 11:43:53 CST
=== Batch H6: H2.3 leave-one-out ablation (i=50) ===
2026年 06月 01日 星期一 11:43:56 CST
RESULT exp_h6_1_h23_NO_anti_i50: size=73M F1_pdmp=97.53 F1_12m=97.12 names=14/15
RESULT exp_h6_1_h23_NO_anti_i50_p0.05: size=60M F1_pdmp=97.53 F1_12m=97.11 names=14/15
RESULT exp_h6_2_h23_NO_clean_i50: size=73M F1_pdmp=97.57 F1_12m=97.18 names=15/15
RESULT exp_h6_2_h23_NO_clean_i50_p0.05: size=60M F1_pdmp=97.57 F1_12m=97.19 names=15/15
RESULT exp_h6_3_h23_NO_opennh_i50: size=68M F1_pdmp=97.36 F1_12m=97.22 names=14/15
RESULT exp_h6_3_h23_NO_opennh_i50_p0.05: size=54M F1_pdmp=97.36 F1_12m=97.22 names=14/15
RESULT exp_h6_4_h23_NO_pd_i50: size=72M F1_pdmp=96.92 F1_12m=97.22 names=15/15
RESULT exp_h6_4_h23_NO_pd_i50_p0.05: size=59M F1_pdmp=96.92 F1_12m=97.21 names=15/15
RESULT exp_h6_5_h23_NO_anchor_i50: size=68M F1_pdmp=97.55 F1_12m=96.03 names=15/15
RESULT exp_h6_5_h23_NO_anchor_i50_p0.05: size=53M F1_pdmp=97.55 F1_12m=96.03 names=15/15
===Batch H6 DONE===
2026年 06月 01日 星期一 12:53:07 CST
=== Batch H8: Stage 3 with MODERN PD (NER-processed) ===
2026年 06月 01日 星期一 12:53:07 CST
RESULT exp_h8_1_h23_pdmod100k_i5: size=72M F1_pdmp=97.56 F1_12m=96.72 names=15/15
RESULT exp_h8_1_h23_pdmod100k_i5_p0.05: size=51M F1_pdmp=97.39 F1_12m=96.33 names=
RESULT exp_h8_2_h23_pdmod300k_i5: size=72M F1_pdmp=97.56 F1_12m=96.74 names=15/15
RESULT exp_h8_3_h23_pdmod500k_i5: size=73M F1_pdmp=97.56 F1_12m=96.74 names=15/15
RESULT exp_h8_4_h23_pdmod1m_i5: size=74M F1_pdmp=97.56 F1_12m=96.74 names=15/15
RESULT exp_h8_5_h23_pdmod300k_i10: size=72M F1_pdmp=97.56 F1_12m=96.63 names=15/15
RESULT exp_h8_6_h23_pdmod300k_anchor300k_i5: size=73M F1_pdmp=97.59 F1_12m=97.02 names=15/15
RESULT exp_h8_7_h23_pdmod500k_pdmp_anchor100k_i5: size=73M F1_pdmp=97.59 F1_12m=96.87 names=15/15
RESULT exp_h8_7_h23_pdmod500k_pdmp_anchor100k_i5_p0.05: size=59M F1_pdmp=97.59 F1_12m=96.87 names=15/15
RESULT exp_h8_8_h23_pdmod1m_anchor300k_i5: size=74M F1_pdmp=97.59 F1_12m=96.89 names=15/15
RESULT exp_h8_8_h23_pdmod1m_anchor300k_i5_p0.05: size=59M F1_pdmp=97.58 F1_12m=96.89 names=15/15
===Batch H8 DONE===
2026年 06月 01日 星期一 13:19:22 CST
=== Batch H9: NEW Stage 2 architecture (no clean_aug, no pd_mp_train) ===
2026年 06月 01日 星期一 13:19:30 CST
RESULT exp_h9_1_opennh_antiv2_modPD300k_anchor1m_i50: size=72M F1_pdmp=97.06 F1_12m=97.15 names=14/15
RESULT exp_h9_1_opennh_antiv2_modPD300k_anchor1m_i50_p0.05: size=59M F1_pdmp=97.06 F1_12m=97.15 names=14/15
=== Batch H11: pure Stage 2 exploration ===
2026年 06月 01日 星期一 13:38:18 CST
RESULT exp_h9_2_opennh_antiv2_modPD500k_anchor1m_i50: size=73M F1_pdmp=97.05 F1_12m=97.09 names=14/15
RESULT exp_h9_2_opennh_antiv2_modPD500k_anchor1m_i50_p0.05: size=60M F1_pdmp=97.05 F1_12m=97.08 names=14/15
RESULT exp_h9_3_opennh_antiOLD_modPD300k_anchor1m_i50: size=74M F1_pdmp=97.07 F1_12m=97.25 names=15/15
RESULT exp_h9_3_opennh_antiOLD_modPD300k_anchor1m_i50_p0.05: size=60M F1_pdmp=97.11 F1_12m=97.25 names=15/15
RESULT exp_h9_4_opennh_antiv2_modPD300kx2_anchor1m_i50: size=74M F1_pdmp=97.09 F1_12m=97.12 names=13/15
RESULT exp_h9_4_opennh_antiv2_modPD300kx2_anchor1m_i50_p0.05: size=60M F1_pdmp=97.10 F1_12m=97.12 names=14/15
===Batch H9 DONE===
2026年 06月 01日 星期一 14:28:08 CST
=== Batch H10: Stage 3 from H9 base, pd_mp_train (UNSEEN in Stage 2) ===
2026年 06月 01日 星期一 14:28:08 CST
RESULT exp_h10_1_pd_i3: size=74M F1_pdmp=97.18 F1_12m=96.93 names=12/15
RESULT exp_h10_1_pd_i3_p0.05: size=60M F1_pdmp=97.18 F1_12m=96.93 names=12/15
RESULT exp_h10_2_pd_i5: size=74M F1_pdmp=97.39 F1_12m=96.93 names=10/15
RESULT exp_h10_2_pd_i5_p0.05: size=60M F1_pdmp=97.39 F1_12m=96.93 names=10/15
RESULT exp_h10_3_pd_i10: size=74M F1_pdmp=97.05 F1_12m=96.60 names=9/15
RESULT exp_h10_3_pd_i10_p0.05: size=60M F1_pdmp=97.05 F1_12m=96.60 names=9/15
RESULT exp_h10_4_pd_anc100k_i5: size=74M F1_pdmp=97.33 F1_12m=97.16 names=10/15
RESULT exp_h10_4_pd_anc100k_i5_p0.05: size=60M F1_pdmp=97.33 F1_12m=97.16 names=10/15
RESULT exp_h10_5_pd2x_anc100k_i5: size=74M F1_pdmp=97.32 F1_12m=97.09 names=10/15
RESULT exp_h10_5_pd2x_anc100k_i5_p0.05: size=60M F1_pdmp=97.32 F1_12m=97.08 names=10/15
RESULT exp_h10_6_pd2x_anti_i5: size=74M F1_pdmp=97.39 F1_12m=96.94 names=10/15
RESULT exp_h10_6_pd2x_anti_i5_p0.05: size=60M F1_pdmp=97.39 F1_12m=96.93 names=10/15
RESULT exp_h10_7_pd_i5_l005: size=74M F1_pdmp=97.39 F1_12m=96.93 names=10/15
RESULT exp_h10_7_pd_i5_l005_p0.05: size=60M F1_pdmp=97.39 F1_12m=96.93 names=10/15
===Batch H10 DONE===
2026年 06月 01日 星期一 14:41:21 CST
=== Batch H11: pure Stage 2 exploration ===
2026年 06月 01日 星期一 14:42:17 CST
RESULT exp_h11_1_h23_PLUS_modPD300k_i50: size=73M F1_pdmp=97.60 F1_12m=97.06 names=14/15
RESULT exp_h11_1_h23_PLUS_modPD300k_i50_p0.05: size=60M F1_pdmp=97.60 F1_12m=97.06 names=14/15
RESULT exp_h11_2_h23_PLUS_modPD500k_i50: size=75M F1_pdmp=97.68 F1_12m=97.12 names=15/15
RESULT exp_h11_2_h23_PLUS_modPD500k_i50_p0.05: size=61M F1_pdmp=97.68 F1_12m=97.12 names=15/15
RESULT exp_h11_3_h23_opennhx2_i50: size=75M F1_pdmp=97.63 F1_12m=97.15 names=15/15
RESULT exp_h11_3_h23_opennhx2_i50_p0.05: size=60M F1_pdmp=97.63 F1_12m=97.16 names=15/15
=== Batch H13: extend H11.2 with foreign-dot name data (attack BC001) ===
2026年 06月 01日 星期一 16:02:47 CST
=== Batch H13: extend H11.2 with foreign-dot name data (attack BC001) ===
2026年 06月 01日 星期一 16:21:19 CST
=== Batch H13: extend H11.2 with foreign-dot name data (attack BC001) ===
2026年 06月 01日 星期一 16:53:35 CST
=== Batch H13: extend H11.2 with foreign-dot name data (attack BC001) ===
2026年 06月 01日 星期一 16:55:24 CST
=== Batch H13: extend H11.2 with foreign-dot name data (attack BC001) ===
2026年 06月 01日 星期一 17:07:16 CST
=== Batch H13: extend H11.2 with foreign-dot name data (attack BC001) ===
2026年 06月 01日 星期一 17:09:21 CST
RESULT exp_h13_1_h112_PLUS_fdot100k_i50: size=76M F1_pdmp=97.70 F1_12m=97.11 names=15/15 bc=0/1
RESULT exp_h13_1_h112_PLUS_fdot100k_i50_p0.15: size=52M F1_pdmp=97.69 F1_12m=97.09 names=15/15 bc=0/1
RESULT exp_h13_2_h112_PLUS_fdot100kx2_i50: size=75M F1_pdmp=97.67 F1_12m=97.08 names=15/15 bc=0/1
RESULT exp_h13_2_h112_PLUS_fdot100kx2_i50_p0.15: size=52M F1_pdmp=97.66 F1_12m=97.05 names=15/15 bc=0/1
===Batch H13 DONE===
(manually marked at 2026年 06月 01日 星期一 18:17:02 CST — H13.3 killed because foreign-dot direction confirmed unnecessary)
=== Resume H11.4-H11.10 + H12 (uses bin caches) ===
2026年 06月 01日 星期一 18:17:18 CST
=== Clean Resume (skipping PD/antimerge duplicates) ===
2026年 06月 01日 星期一 18:23:22 CST
=== Clean Resume (skipping PD/antimerge duplicates) ===
2026年 06月 01日 星期一 18:33:31 CST
RESULT exp_h11_5_h23_i60: size=66M F1_pdmp=97.46 F1_12m=96.93 names=15/15 bcv2=181/200
RESULT exp_h11_6_h23_i70: size=61M F1_pdmp=97.37 F1_12m=96.80 names=15/15 bcv2=183/200
RESULT exp_h11_7_h23_i40: size=76M F1_pdmp=97.69 F1_12m=97.41 names=14/15 bcv2=179/200
RESULT exp_h11_8_h23_anchor2m_i50: size=76M F1_pdmp=97.57 F1_12m=97.42 names=15/15 bcv2=176/200
RESULT exp_h11_9_h23_PLUS_modPD300k_i60: size=68M F1_pdmp=97.51 F1_12m=96.88 names=14/15 bcv2=180/200
RESULT exp_h11_10_h23_PLUS_modPD300k_l005_i50: size=76M F1_pdmp=97.59 F1_12m=97.01 names=14/15 bcv2=178/200
===Resume H11 DONE===
RESULT exp_h12_1_oh1m_h23_i50: size=76M F1_pdmp=97.71 F1_12m=97.23 names=15/15 bcv2=179/200
RESULT exp_h12_2_oh2m_h23_i50: size=78M F1_pdmp=97.76 F1_12m=97.11 names=15/15 bcv2=180/200
RESULT exp_h12_3_anc3m_h23_i50: size=79M F1_pdmp=97.66 F1_12m=97.60 names=14/15 bcv2=170/200
RESULT exp_h12_4_anc5m_h23_i50: size=82M F1_pdmp=97.61 F1_12m=97.67 names=14/15 bcv2=170/200
RESULT exp_h12_5_oh1m_anc3m_h23_i50: size=80M F1_pdmp=97.70 F1_12m=97.62 names=14/15 bcv2=175/200
RESULT exp_h12_7_h23_hist10_i50: size=73M F1_pdmp=97.60 F1_12m=97.21 names=15/15 bcv2=178/200
RESULT exp_h12_8_h23_hist3_i50: size=72M F1_pdmp=97.59 F1_12m=97.18 names=15/15 bcv2=181/200
RESULT exp_h12_9_oh1m_anc5m_h23_i50: size=82M F1_pdmp=97.70 F1_12m=97.70 names=14/15 bcv2=170/200
RESULT exp_h12_10_h23_i80: size=60M F1_pdmp=97.32 F1_12m=96.74 names=15/15 bcv2=184/200
===Clean Resume DONE===
2026年 06月 02日 星期二 00:50:44 CST
=== Batch H15: 3-char Chinese name ambiguity attack ===
2026年 06月 02日 星期二 01:00:26 CST
RESULT exp_h15_1_h121_PLUS_3charzh500k_i50: size=74M F1_pdmp=97.63 F1_12m=97.00 names=15/15 bcv2=177/200 bcv3=325/500
RESULT exp_h15_1_h121_PLUS_3charzh500k_i50_p0.15: size=54M F1_pdmp=97.62 F1_12m=96.98 names=15/15 bcv2=177/200 bcv3=324/500
RESULT exp_h15_2_h122_PLUS_3charzh500k_i50: size=78M F1_pdmp=97.72 F1_12m=96.99 names=15/15 bcv2=184/200 bcv3=379/500
RESULT exp_h15_2_h122_PLUS_3charzh500k_i50_p0.15: size=56M F1_pdmp=97.69 F1_12m=96.97 names=15/15 bcv2=182/200 bcv3=374/500
RESULT exp_h15_3_h121_3charzh_anc2m_i50: size=80M F1_pdmp=97.74 F1_12m=97.43 names=14/15 bcv2=177/200 bcv3=331/500
RESULT exp_h15_3_h121_3charzh_anc2m_i50_p0.15: size=54M F1_pdmp=97.73 F1_12m=97.40 names=14/15 bcv2=175/200 bcv3=320/500
===Batch H15 DONE===
2026年 06月 02日 星期二 02:52:43 CST
=== Batch H16: title-attachment boundary attack ===
2026年 06月 02日 星期二 08:48:54 CST
RESULT exp_h16_1_h152_PLUS_title100k_i50: size=78M F1_pdmp=97.74 F1_12m=97.02 names=15/15 bcv2=182/200 bcv3=372/500
RESULT exp_h16_1_h152_PLUS_title100k_i50_p0.15: size=56M F1_pdmp=97.72 F1_12m=96.98 names=15/15 bcv2=184/200 bcv3=365/500
=== Batch H17: natural OpenNews 3M / 3char 1M scaling ===
2026年 06月 02日 星期二 09:46:07 CST
RESULT exp_h17_1_h152_oh3m_i50: size=78M F1_pdmp=97.78 F1_12m=97.04 names=15/15 bcv2=184/200 bcv3=369/500
RESULT exp_h17_1_h152_oh3m_i50_p0.15: size=56M F1_pdmp=97.76 F1_12m=96.99 names=15/15 bcv2=183/200 bcv3=361/500
RESULT exp_h17_2_h152_3charzh1m_i50: size=78M F1_pdmp=97.79 F1_12m=97.10 names=15/15 bcv2=183/200 bcv3=377/500
RESULT exp_h17_2_h152_3charzh1m_i50_p0.15: size=54M F1_pdmp=97.76 F1_12m=97.05 names=15/15 bcv2=182/200 bcv3=368/500
===Batch H17 DONE===
2026年 06月 02日 星期二 11:29:50 CST
=== H18.2: H17.2 + decimal_focus 18.7k ===
2026年 06月 02日 星期二 12:32:46 CST
RESULT exp_h18_2_h172_PLUS_decfocus_i50: size=79M F1_pdmp=97.80 F1_12m=97.17 names=15/15 bcv2=184/200 bcv3=368/500
RESULT exp_h18_2_h172_PLUS_decfocus_i50_p0.15: size=54M F1_pdmp=97.79 F1_12m=97.14 names=15/15 bcv2=181/200 bcv3=357/500
===H18.2 DONE===
2026年 06月 02日 星期二 13:25:33 CST
=== H19.1 (manual eval, not via batch) ===
2026年 06月 02日 星期二 14:36 CST
RESULT exp_h19_1_h172_PLUS_bcv3mine_L1_0.015_i50: size=77M F1_pdmp=97.79 F1_12m=97.10 names=15/15 bcv2=183/200 bcv3=404/500
RESULT exp_h19_1_h172_PLUS_bcv3mine_L1_0.015_i50_p0.15: size=54M F1_pdmp=97.77 F1_12m=- names=15/15 bcv2=182/200 bcv3=398/500

=== H21.1 (H17.2 mix + decimal_focus_v3, L1=0.01, no mining) ===
2026年 06月 03日 星期三 11:00 CST
RESULT exp_h21_1_h172_PLUS_decv3_i50: size=79M F1_pdmp=97.76 F1_12m=97.18 names=15/15 bcv2=183/200 bcv3=375/500 clean_held_out=354/379=93.4%
RESULT exp_h21_1_h172_PLUS_decv3_i50_p0.15: size=56M F1_pdmp=97.74 names=15/15 bcv2=182/200 bcv3=363/500
NOTE: 数字 case 全修 (1.25亿英镑/3.14万元/2.5% etc), 无 H20.2 的误粘问题 (姚知成分/尉迟恭单 OK).
NOTE: 仍有轻微 decimal-induced 误粘 (源尚丹若/后古力娜扎/向兰平勇 on held-out).
